ExpansionTraderElias.West_Cherno_Consumables|7218.727539 29.516840 3029.946289|170.999863 0.000000 -0.000000|HikingBoots_Black,SurgicalGloves_Whites,FOG_Crye_G2_Shirt_MC,MilitaryGear_FieldPants_Multicam
ExpansionTraderSeth.West_Cherno_Clothing|7262.313477 26.396820 3043.496338|179.999878 0.000000 -0.000000|MilitaryGear_TacticalShirt_DPM,MilitaryGear_FieldPants_DPM,JungleBoots_Brown
ExpansionTraderJudy.West_Cherno_Clothing_Accessories|7264.360840 26.393068 3043.612793|166.883316 0.000000 -0.000000|MilitaryGear_TacticalShirt_CADPAT,MilitaryGear_FieldPants_CADPAT,CombatBoots_Black
ExpansionTraderLewis.West_Cherno_Medicals|7256.058105 26.766356 3018.443359|9.000000 -0.000000 -0.000000|HikingBoots_Black,SurgicalGloves_Whites,FOG_Crye_G2_Shirt_MC,MilitaryGear_FieldPants_Multicam
ExpansionTraderMaria.West_Cherno_Ammo|7191.399902 31.893101 3028.100098|35.799999 0.000000 0.000000|MilitaryGear_FieldJacket_Multicam,MilitaryGear_FieldPants_Multicam,HikingBoots_Black
ExpansionTraderJose.West_Cherno_Components|7185.154785 31.708519 3038.889160|179.999878 0.000000 -0.000000|MilitaryGear_FieldJacket_Multicam,MilitaryGear_FieldPants_Multicam,HikingBoots_Black
ExpansionTraderMirek.West_Cherno_Attachements|7185.298828 31.701822 3039.618164|-117.000031 0.000000 -0.000000|MilitaryGear_FieldJacket_Multicam,MilitaryGear_FieldPants_Multicam,HikingBoots_Black
ExpansionTraderLinda.West_Cherno_Attachements|7216.417969 29.646372 3029.685547|169.903366 0.000000 -0.000000|MilitaryGear_TacticalShirt_Splinter,MilitaryGear_FieldPants_Splinter,CombatBoots_Black
ExpansionTraderBoris.West_Cherno_Vehicle_Parts|7245.306641 27.077803 3030.027100|18.000000 -0.000000 -0.000000|MilitaryGear_FieldJacket_Multicam,MilitaryGear_FieldPants_Multicam,HikingBoots_Black
ExpansionTraderHassan.West_Cherno_Weapons|7183.459473 31.718254 3035.438721|103.477341 0.000000 -0.000000|MilitaryGear_TacticalShirt_FLT,MilitaryGear_FieldPants_FLT,CombatBoots_Brown,MilitaryGear_PlateCarrier_FLT,MilitaryGear_PlateCarrierHolster_FLT,MilitaryGear_PlateCarrierPouches_FLT